 # total=       10001   10001.000000000000     
    0.50       965.00   0.09649035
    1.00      2038.00   0.20377962
    1.50      1523.00   0.15228477
    2.00      1009.00   0.10088991
    2.50       731.00   0.07309269
    3.00       528.00   0.05279472
    3.50       375.00   0.03749625
    4.00       300.00   0.02999700
    4.50       250.00   0.02499750
    5.00       197.00   0.01969803
    5.50       184.00   0.01839816
    6.00       166.00   0.01659834
    6.50       135.00   0.01349865
    7.00       122.00   0.01219878
    7.50       117.00   0.01169883
    8.00       102.00   0.01019898
    8.50        92.00   0.00919908
    9.00        83.00   0.00829917
    9.50        77.00   0.00769923
   10.00        80.00   0.00799920
   10.50        59.00   0.00589941
   11.00        66.00   0.00659934
   11.50        65.00   0.00649935
   12.00        61.00   0.00609939
   12.50        43.00   0.00429957
   13.00        52.00   0.00519948
   13.50        54.00   0.00539946
   14.00        52.00   0.00519948
   14.50        47.00   0.00469953
   15.00        42.00   0.00419958
   15.50        47.00   0.00469953
   16.00        37.00   0.00369963
   16.50        38.00   0.00379962
   17.00        32.00   0.00319968
   17.50        36.00   0.00359964
   18.00        26.00   0.00259974
   18.50        24.00   0.00239976
   19.00        33.00   0.00329967
   19.50        18.00   0.00179982
   20.00        15.00   0.00149985
   20.50        20.00   0.00199980
   21.00        11.00   0.00109989
   21.50         9.00   0.00089991
   22.00         7.00   0.00069993
   22.50        11.00   0.00109989
   23.00        11.00   0.00109989
   23.50         3.00   0.00029997
   24.00         2.00   0.00019998
   24.50         2.00   0.00019998
   25.00         4.00   0.00039996
   25.50         0.00   0.00000000
   26.00         0.00   0.00000000
   26.50         0.00   0.00000000
   27.00         0.00   0.00000000
   27.50         0.00   0.00000000
   28.00         0.00   0.00000000
   28.50         0.00   0.00000000
   29.00         0.00   0.00000000
   29.50         0.00   0.00000000
   30.00         0.00   0.00000000
   30.50         0.00   0.00000000
   31.00         0.00   0.00000000
   31.50         0.00   0.00000000
   32.00         0.00   0.00000000
   32.50         0.00   0.00000000
   33.00         0.00   0.00000000
   33.50         0.00   0.00000000
   34.00         0.00   0.00000000
   34.50         0.00   0.00000000
   35.00         0.00   0.00000000
   35.50         0.00   0.00000000
   36.00         0.00   0.00000000
   36.50         0.00   0.00000000
   37.00         0.00   0.00000000
   37.50         0.00   0.00000000
   38.00         0.00   0.00000000
   38.50         0.00   0.00000000
   39.00         0.00   0.00000000
   39.50         0.00   0.00000000
   40.00         0.00   0.00000000
   40.50         0.00   0.00000000
   41.00         0.00   0.00000000
   41.50         0.00   0.00000000
   42.00         0.00   0.00000000
   42.50         0.00   0.00000000
   43.00         0.00   0.00000000
   43.50         0.00   0.00000000
   44.00         0.00   0.00000000
   44.50         0.00   0.00000000
   45.00         0.00   0.00000000
   45.50         0.00   0.00000000
   46.00         0.00   0.00000000
   46.50         0.00   0.00000000
   47.00         0.00   0.00000000
   47.50         0.00   0.00000000
   48.00         0.00   0.00000000
   48.50         0.00   0.00000000
   49.00         0.00   0.00000000
   49.50         0.00   0.00000000
   50.00         0.00   0.00000000
   50.50         0.00   0.00000000
   51.00         0.00   0.00000000
   51.50         0.00   0.00000000
   52.00         0.00   0.00000000
   52.50         0.00   0.00000000
   53.00         0.00   0.00000000
   53.50         0.00   0.00000000
   54.00         0.00   0.00000000
   54.50         0.00   0.00000000
   55.00         0.00   0.00000000
   55.50         0.00   0.00000000
   56.00         0.00   0.00000000
   56.50         0.00   0.00000000
   57.00         0.00   0.00000000
   57.50         0.00   0.00000000
   58.00         0.00   0.00000000
   58.50         0.00   0.00000000
   59.00         0.00   0.00000000
   59.50         0.00   0.00000000
   60.00         0.00   0.00000000
   60.50         0.00   0.00000000
   61.00         0.00   0.00000000
   61.50         0.00   0.00000000
   62.00         0.00   0.00000000
   62.50         0.00   0.00000000
   63.00         0.00   0.00000000
   63.50         0.00   0.00000000
   64.00         0.00   0.00000000
   64.50         0.00   0.00000000
   65.00         0.00   0.00000000
   65.50         0.00   0.00000000
   66.00         0.00   0.00000000
   66.50         0.00   0.00000000
   67.00         0.00   0.00000000
   67.50         0.00   0.00000000
   68.00         0.00   0.00000000
   68.50         0.00   0.00000000
   69.00         0.00   0.00000000
   69.50         0.00   0.00000000
   70.00         0.00   0.00000000
   70.50         0.00   0.00000000
   71.00         0.00   0.00000000
   71.50         0.00   0.00000000
   72.00         0.00   0.00000000
   72.50         0.00   0.00000000
   73.00         0.00   0.00000000
   73.50         0.00   0.00000000
   74.00         0.00   0.00000000
   74.50         0.00   0.00000000
   75.00         0.00   0.00000000
   75.50         0.00   0.00000000
   76.00         0.00   0.00000000
   76.50         0.00   0.00000000
   77.00         0.00   0.00000000
   77.50         0.00   0.00000000
   78.00         0.00   0.00000000
   78.50         0.00   0.00000000
   79.00         0.00   0.00000000
   79.50         0.00   0.00000000
   80.00         0.00   0.00000000
   80.50         0.00   0.00000000
   81.00         0.00   0.00000000
   81.50         0.00   0.00000000
   82.00         0.00   0.00000000
   82.50         0.00   0.00000000
   83.00         0.00   0.00000000
   83.50         0.00   0.00000000
   84.00         0.00   0.00000000
   84.50         0.00   0.00000000
   85.00         0.00   0.00000000
   85.50         0.00   0.00000000
   86.00         0.00   0.00000000
   86.50         0.00   0.00000000
   87.00         0.00   0.00000000
   87.50         0.00   0.00000000
   88.00         0.00   0.00000000
   88.50         0.00   0.00000000
   89.00         0.00   0.00000000
   89.50         0.00   0.00000000
   90.00         0.00   0.00000000
   90.50         0.00   0.00000000
   91.00         0.00   0.00000000
   91.50         0.00   0.00000000
   92.00         0.00   0.00000000
   92.50         0.00   0.00000000
